// Jest Snapshot v1, https://goo.gl/fbAQLP

exports[`<App /> has 2 children 1`] = `
<View
  style={
    Object {
      "alignItems": "center",
      "display": "flex",
      "flexDirection": "column",
      "height": "100%",
      "justifyContent": "center",
    }
  }
>
  <View
    style={
      Object {
        "alignItems": "center",
        "display": "flex",
        "justifyContent": "center",
        "marginBottom": 4,
      }
    }
  >
    <Text
      style={
        Object {
          "fontSize": 40,
        }
      }
    >
      Current player: X
    </Text>
  </View>
  <View
    style={
      Object {
        "display": "flex",
        "flexDirection": "column",
        "marginTop": 10,
      }
    }
  >
    <View
      style={
        Object {
          "flexDirection": "row",
        }
      }
    >
      <View
        accessible={true}
        focusable={true}
        isTVSelectable={true}
        onClick={[Function]}
        onResponderGrant={[Function]}
        onResponderMove={[Function]}
        onResponderRelease={[Function]}
        onResponderTerminate={[Function]}
        onResponderTerminationRequest={[Function]}
        onStartShouldSetResponder={[Function]}
        style={
          Object {
            "alignItems": "center",
            "backgroundColor": "#add8e6",
            "display": "flex",
            "height": 120,
            "justifyContent": "center",
            "margin": 4,
            "opacity": 1,
            "padding": 10,
            "width": 120,
          }
        }
      >
        <Text
          style={
            Object {
              "fontSize": 40,
            }
          }
        />
      </View>
      <View
        accessible={true}
        focusable={true}
        isTVSelectable={true}
        onClick={[Function]}
        onResponderGrant={[Function]}
        onResponderMove={[Function]}
        onResponderRelease={[Function]}
        onResponderTerminate={[Function]}
        onResponderTerminationRequest={[Function]}
        onStartShouldSetResponder={[Function]}
        style={
          Object {
            "alignItems": "center",
            "backgroundColor": "#add8e6",
            "display": "flex",
            "height": 120,
            "justifyContent": "center",
            "margin": 4,
            "opacity": 1,
            "padding": 10,
            "width": 120,
          }
        }
      >
        <Text
          style={
            Object {
              "fontSize": 40,
            }
          }
        />
      </View>
      <View
        accessible={true}
        focusable={true}
        isTVSelectable={true}
        onClick={[Function]}
        onResponderGrant={[Function]}
        onResponderMove={[Function]}
        onResponderRelease={[Function]}
        onResponderTerminate={[Function]}
        onResponderTerminationRequest={[Function]}
        onStartShouldSetResponder={[Function]}
        style={
          Object {
            "alignItems": "center",
            "backgroundColor": "#add8e6",
            "display": "flex",
            "height": 120,
            "justifyContent": "center",
            "margin": 4,
            "opacity": 1,
            "padding": 10,
            "width": 120,
          }
        }
      >
        <Text
          style={
            Object {
              "fontSize": 40,
            }
          }
        />
      </View>
    </View>
    <View
      style={
        Object {
          "flexDirection": "row",
        }
      }
    >
      <View
        accessible={true}
        focusable={true}
        isTVSelectable={true}
        onClick={[Function]}
        onResponderGrant={[Function]}
        onResponderMove={[Function]}
        onResponderRelease={[Function]}
        onResponderTerminate={[Function]}
        onResponderTerminationRequest={[Function]}
        onStartShouldSetResponder={[Function]}
        style={
          Object {
            "alignItems": "center",
            "backgroundColor": "#add8e6",
            "display": "flex",
            "height": 120,
            "justifyContent": "center",
            "margin": 4,
            "opacity": 1,
            "padding": 10,
            "width": 120,
          }
        }
      >
        <Text
          style={
            Object {
              "fontSize": 40,
            }
          }
        />
      </View>
      <View
        accessible={true}
        focusable={true}
        isTVSelectable={true}
        onClick={[Function]}
        onResponderGrant={[Function]}
        onResponderMove={[Function]}
        onResponderRelease={[Function]}
        onResponderTerminate={[Function]}
        onResponderTerminationRequest={[Function]}
        onStartShouldSetResponder={[Function]}
        style={
          Object {
            "alignItems": "center",
            "backgroundColor": "#add8e6",
            "display": "flex",
            "height": 120,
            "justifyContent": "center",
            "margin": 4,
            "opacity": 1,
            "padding": 10,
            "width": 120,
          }
        }
      >
        <Text
          style={
            Object {
              "fontSize": 40,
            }
          }
        />
      </View>
      <View
        accessible={true}
        focusable={true}
        isTVSelectable={true}
        onClick={[Function]}
        onResponderGrant={[Function]}
        onResponderMove={[Function]}
        onResponderRelease={[Function]}
        onResponderTerminate={[Function]}
        onResponderTerminationRequest={[Function]}
        onStartShouldSetResponder={[Function]}
        style={
          Object {
            "alignItems": "center",
            "backgroundColor": "#add8e6",
            "display": "flex",
            "height": 120,
            "justifyContent": "center",
            "margin": 4,
            "opacity": 1,
            "padding": 10,
            "width": 120,
          }
        }
      >
        <Text
          style={
            Object {
              "fontSize": 40,
            }
          }
        />
      </View>
    </View>
    <View
      style={
        Object {
          "flexDirection": "row",
        }
      }
    >
      <View
        accessible={true}
        focusable={true}
        isTVSelectable={true}
        onClick={[Function]}
        onResponderGrant={[Function]}
        onResponderMove={[Function]}
        onResponderRelease={[Function]}
        onResponderTerminate={[Function]}
        onResponderTerminationRequest={[Function]}
        onStartShouldSetResponder={[Function]}
        style={
          Object {
            "alignItems": "center",
            "backgroundColor": "#add8e6",
            "display": "flex",
            "height": 120,
            "justifyContent": "center",
            "margin": 4,
            "opacity": 1,
            "padding": 10,
            "width": 120,
          }
        }
      >
        <Text
          style={
            Object {
              "fontSize": 40,
            }
          }
        />
      </View>
      <View
        accessible={true}
        focusable={true}
        isTVSelectable={true}
        onClick={[Function]}
        onResponderGrant={[Function]}
        onResponderMove={[Function]}
        onResponderRelease={[Function]}
        onResponderTerminate={[Function]}
        onResponderTerminationRequest={[Function]}
        onStartShouldSetResponder={[Function]}
        style={
          Object {
            "alignItems": "center",
            "backgroundColor": "#add8e6",
            "display": "flex",
            "height": 120,
            "justifyContent": "center",
            "margin": 4,
            "opacity": 1,
            "padding": 10,
            "width": 120,
          }
        }
      >
        <Text
          style={
            Object {
              "fontSize": 40,
            }
          }
        />
      </View>
      <View
        accessible={true}
        focusable={true}
        isTVSelectable={true}
        onClick={[Function]}
        onResponderGrant={[Function]}
        onResponderMove={[Function]}
        onResponderRelease={[Function]}
        onResponderTerminate={[Function]}
        onResponderTerminationRequest={[Function]}
        onStartShouldSetResponder={[Function]}
        style={
          Object {
            "alignItems": "center",
            "backgroundColor": "#add8e6",
            "display": "flex",
            "height": 120,
            "justifyContent": "center",
            "margin": 4,
            "opacity": 1,
            "padding": 10,
            "width": 120,
          }
        }
      >
        <Text
          style={
            Object {
              "fontSize": 40,
            }
          }
        />
      </View>
    </View>
    <View
      style={
        Object {
          "alignItems": "center",
          "display": "flex",
          "justifyContent": "center",
        }
      }
    >
      <View
        accessible={true}
        focusable={false}
        isTVSelectable={true}
        onClick={[Function]}
        onResponderGrant={[Function]}
        onResponderMove={[Function]}
        onResponderRelease={[Function]}
        onResponderTerminate={[Function]}
        onResponderTerminationRequest={[Function]}
        onStartShouldSetResponder={[Function]}
        style={
          Object {
            "alignItems": "center",
            "backgroundColor": "red",
            "borderRadius": 24,
            "height": 40,
            "justifyContent": "center",
            "marginTop": 10,
            "opacity": 1,
            "width": 100,
          }
        }
      >
        <Text
          onPress={[Function]}
        >
          Restart
        </Text>
      </View>
    </View>
  </View>
</View>
`;
