// Jest Snapshot v1, https://goo.gl/fbAQLP

exports[`<RejectionButton /> has 1 child 1`] = `
<View
  style={
    Object {
      "alignItems": "center",
      "display": "flex",
      "justifyContent": "center",
    }
  }
>
  <View
    accessible={true}
    focusable={false}
    isTVSelectable={true}
    onClick={[Function]}
    onResponderGrant={[Function]}
    onResponderMove={[Function]}
    onResponderRelease={[Function]}
    onResponderTerminate={[Function]}
    onResponderTerminationRequest={[Function]}
    onStartShouldSetResponder={[Function]}
    style={
      Object {
        "alignItems": "center",
        "backgroundColor": "red",
        "borderRadius": 24,
        "height": 40,
        "justifyContent": "center",
        "marginTop": 10,
        "opacity": 1,
        "width": 100,
      }
    }
  >
    <Text>
      Restart
    </Text>
  </View>
</View>
`;
